../Drivers/CMSIS/Include/core_cm4.h:2059:26:ITM_SendChar	16	static,ignoring_inline_asm
../Core/Src/main.c:82:19:TMP117_Init	24	static
../Core/Src/main.c:93:19:TMP117_ReadTemperature	32	static
../Core/Src/main.c:116:5:_write	32	static
../Core/Src/main.c:126:6:readHX710B	24	static
../Core/Src/main.c:162:7:batterymonitor	16	static
../Core/Src/main.c:184:5:main	128	static
../Core/Src/main.c:267:6:SystemClock_Config	96	static
../Core/Src/main.c:328:13:MX_ADC1_Init	32	static
../Core/Src/main.c:386:13:MX_I2C1_Init	8	static
../Core/Src/main.c:434:13:MX_I2C3_Init	8	static
../Core/Src/main.c:482:13:MX_USART2_UART_Init	8	static
../Core/Src/main.c:517:13:MX_GPIO_Init	40	static
../Core/Src/main.c:566:6:Error_Handler	4	static,ignoring_inline_asm
