../Drivers/CMSIS/Include/core_cm4.h:2059:26:ITM_SendChar	16	static,ignoring_inline_asm
../Core/Src/main.c:82:19:TMP117_Init	24	static
../Core/Src/main.c:94:19:TMP117_ReadTemperature	32	static
../Core/Src/main.c:119:5:_write	32	static
../Core/Src/main.c:127:6:readHX710B	24	static
../Core/Src/main.c:164:7:mapVoltageToPercentage	24	static
../Core/Src/main.c:172:7:batterymonitor	16	static
../Core/Src/main.c:194:5:main	128	static
../Core/Src/main.c:279:6:SystemClock_Config	96	static
../Core/Src/main.c:340:13:MX_ADC1_Init	32	static
../Core/Src/main.c:399:13:MX_I2C1_Init	8	static
../Core/Src/main.c:447:13:MX_I2C3_Init	8	static
../Core/Src/main.c:495:13:MX_USART2_UART_Init	8	static
../Core/Src/main.c:530:13:MX_GPIO_Init	40	static
../Core/Src/main.c:579:6:Error_Handler	4	static,ignoring_inline_asm
