../Drivers/CMSIS/Include/core_cm4.h:2059:26:ITM_SendChar	4
../Core/Src/main.c:82:19:TMP117_Init	1
../Core/Src/main.c:94:19:TMP117_ReadTemperature	3
../Core/Src/main.c:119:5:_write	2
../Core/Src/main.c:127:6:readHX710B	5
../Core/Src/main.c:164:7:mapVoltageToPercentage	3
../Core/Src/main.c:172:7:batterymonitor	2
../Core/Src/main.c:194:5:main	2
../Core/Src/main.c:279:6:SystemClock_Config	4
../Core/Src/main.c:340:13:MX_ADC1_Init	3
../Core/Src/main.c:399:13:MX_I2C1_Init	4
../Core/Src/main.c:447:13:MX_I2C3_Init	4
../Core/Src/main.c:495:13:MX_USART2_UART_Init	2
../Core/Src/main.c:530:13:MX_GPIO_Init	1
../Core/Src/main.c:579:6:Error_Handler	1
