../Drivers/CMSIS/Include/core_cm4.h:2059:26:ITM_SendChar	4
../Core/Src/main.c:82:19:TMP117_Init	1
../Core/Src/main.c:93:19:TMP117_ReadTemperature	3
../Core/Src/main.c:116:5:_write	2
../Core/Src/main.c:126:6:readHX710B	5
../Core/Src/main.c:162:7:batterymonitor	2
../Core/Src/main.c:184:5:main	2
../Core/Src/main.c:267:6:SystemClock_Config	4
../Core/Src/main.c:328:13:MX_ADC1_Init	3
../Core/Src/main.c:386:13:MX_I2C1_Init	4
../Core/Src/main.c:434:13:MX_I2C3_Init	4
../Core/Src/main.c:482:13:MX_USART2_UART_Init	2
../Core/Src/main.c:517:13:MX_GPIO_Init	1
../Core/Src/main.c:566:6:Error_Handler	1
