../Core/Src/ssd1306_tests.c:1684:6:ssd1306_TestBorder	16	static
../Core/Src/ssd1306_tests.c:1710:6:ssd1306_TestFonts1	24	static
../Core/Src/ssd1306_tests.c:1743:6:ssd1306_TestFonts2	32	static
../Core/Src/ssd1306_tests.c:1768:6:ssd1306_TestFonts3	16	static
../Core/Src/ssd1306_tests.c:1788:6:ssd1306_TestFPS	120	static
../Core/Src/ssd1306_tests.c:1826:6:ssd1306_TestLine	16	static
../Core/Src/ssd1306_tests.c:1834:6:ssd1306_TestRectangle	32	static
../Core/Src/ssd1306_tests.c:1844:6:ssd1306_TestRectangleFill	16	static
../Core/Src/ssd1306_tests.c:1852:6:ssd1306_TestRectangleInvert	16	static
../Core/Src/ssd1306_tests.c:1876:6:ssd1306_TestCircle	16	static
../Core/Src/ssd1306_tests.c:1891:6:ssd1306_TestArc	16	static
../Core/Src/ssd1306_tests.c:1898:6:ssd1306_TestPolyline	32	static
../Core/Src/ssd1306_tests.c:1915:6:ssd1306_TestDrawBitmap	16	static
../Core/Src/ssd1306_tests.c:2033:6:ssd1306_TestAll	8	static
